
> normtrace@1.0.0 dev
> npm run build --workspaces --if-present && npm run dev --workspaces --if-present


> @normtrace/api@1.0.0 build
> tsc


> @normtrace/web@0.1.0 build
> next build

  ▲ Next.js 14.2.3

   Creating an optimized production build ...
 ✓ Compiled successfully
   Linting and checking validity of types ...
   Collecting page data ...
   Generating static pages (0/8) ...
   Generating static pages (2/8)
   Generating static pages (4/8)
   Generating static pages (6/8)
 ✓ Generating static pages (8/8)
   Finalizing page optimization ...
   Collecting build traces ...

Route (app)                              Size     First Load JS
┌ ○ /                                    177 B            94 kB
├ ○ /_not-found                          871 B          87.9 kB
├ ○ /analyses                            177 B            94 kB
├ ƒ /analyses/[id]                       2.27 kB        96.1 kB
├ ○ /analyses/new                        150 kB          244 kB
└ ○ /methodology                         177 B            94 kB
+ First Load JS shared by all            87 kB
  ├ chunks/23-db261fb0c05458b3.js        31.5 kB
  ├ chunks/fd9d1056-4e1a26e2d413ba3c.js  53.6 kB
  └ other shared chunks (total)          1.95 kB


○  (Static)   prerendered as static content
ƒ  (Dynamic)  server-rendered on demand


> @normtrace/i18n@1.0.0 build
> tsc


> @normtrace/ui@1.0.0 build
> tsc


> @normtrace/api@1.0.0 dev
> ts-node-dev --respawn --transpile-only src/index.ts

[INFO] 16:30:12 ts-node-dev ver. 2.0.0 (using ts-node ver. 10.9.2, typescript ver. 5.9.3)
API server listening on port 4000
Error starting analysis: PrismaClientInitializationError:
Invalid `prisma.analysisRun.create()` invocation in
/app/apps/api/src/index.ts:32:50

  29 }
  30
  31 // 1. Create initial DB record
→ 32 const analysisRun = await prisma.analysisRun.create(
error: Environment variable not found: DATABASE_URL.
  -->  schema.prisma:7
   |
 6 |   provider = "postgresql"
 7 |   url      = env("DATABASE_URL")
   |

Validation Error Count: 1
    at $n.handleRequestError (/app/node_modules/@prisma/client/runtime/library.js:121:7615)
    at $n.handleAndLogRequestError (/app/node_modules/@prisma/client/runtime/library.js:121:6623)
    at $n.request (/app/node_modules/@prisma/client/runtime/library.js:121:6307)
    at l (/app/node_modules/@prisma/client/runtime/library.js:130:9633)
    at /app/apps/api/src/index.ts:32:25 {
  clientVersion: '5.22.0',
  errorCode: undefined
}
Error starting analysis: PrismaClientInitializationError:
Invalid `prisma.analysisRun.create()` invocation in
/app/apps/api/src/index.ts:32:50

  29 }
  30
  31 // 1. Create initial DB record
→ 32 const analysisRun = await prisma.analysisRun.create(
error: Environment variable not found: DATABASE_URL.
  -->  schema.prisma:7
   |
 6 |   provider = "postgresql"
 7 |   url      = env("DATABASE_URL")
   |

Validation Error Count: 1
    at $n.handleRequestError (/app/node_modules/@prisma/client/runtime/library.js:121:7615)
    at $n.handleAndLogRequestError (/app/node_modules/@prisma/client/runtime/library.js:121:6623)
    at $n.request (/app/node_modules/@prisma/client/runtime/library.js:121:6307)
    at l (/app/node_modules/@prisma/client/runtime/library.js:130:9633)
    at /app/apps/api/src/index.ts:32:25 {
  clientVersion: '5.22.0',
  errorCode: undefined
}
