
> @normtrace/api@1.0.0 dev
> ts-node-dev --respawn --transpile-only src/index.ts

[INFO] 18:29:31 ts-node-dev ver. 2.0.0 (using ts-node ver. 10.9.2, typescript ver. 5.9.3)
API server listening on port 4000
Error starting analysis: PrismaClientInitializationError:
Invalid `prisma.analysisRun.create()` invocation in
/app/apps/api/src/index.ts:32:50

  29 }
  30
  31 // 1. Create initial DB record
→ 32 const analysisRun = await prisma.analysisRun.create(
Can't reach database server at `localhost:5432`

Please make sure your database server is running at `localhost:5432`.
    at $n.handleRequestError (/app/node_modules/@prisma/client/runtime/library.js:121:7615)
    at $n.handleAndLogRequestError (/app/node_modules/@prisma/client/runtime/library.js:121:6623)
    at $n.request (/app/node_modules/@prisma/client/runtime/library.js:121:6307)
    at l (/app/node_modules/@prisma/client/runtime/library.js:130:9633)
    at /app/apps/api/src/index.ts:32:25 {
  clientVersion: '5.22.0',
  errorCode: undefined
}
